---
source: src/record/ch_a.rs
expression: wire
---
[
    5,
    100,
    101,
    108,
    116,
    97,
    4,
    104,
    111,
    115,
    116,
    7,
    101,
    120,
    97,
    109,
    112,
    108,
    101,
    3,
    99,
    111,
    109,
    0,
    0,
    1,
    0,
    3,
    0,
    0,
    14,
    16,
    0,
    20,
    4,
    104,
    111,
    115,
    116,
    7,
    101,
    120,
    97,
    109,
    112,
    108,
    101,
    3,
    99,
    111,
    109,
    0,
    1,
    208,
]
