---
source: src/record/txt.rs
expression: wire
---
[
    2,
    49,
    53,
    7,
    101,
    120,
    97,
    109,
    112,
    108,
    101,
    3,
    99,
    111,
    109,
    0,
    0,
    16,
    0,
    1,
    0,
    0,
    28,
    32,
    0,
    10,
    4,
    102,
    105,
    122,
    122,
    4,
    98,
    117,
    122,
    122,
]
