---
source: src/record/hinfo.rs
expression: wire
---
[
    5,
    97,
    108,
    112,
    104,
    97,
    4,
    104,
    111,
    115,
    116,
    7,
    101,
    120,
    97,
    109,
    112,
    108,
    101,
    3,
    99,
    111,
    109,
    0,
    0,
    13,
    0,
    1,
    0,
    1,
    81,
    128,
    0,
    15,
    9,
    73,
    78,
    84,
    69,
    76,
    45,
    51,
    56,
    54,
    4,
    85,
    78,
    73,
    88,
]
