---
source: src/record/mx.rs
expression: wire
---
[
    4,
    109,
    97,
    105,
    108,
    7,
    101,
    120,
    97,
    109,
    112,
    108,
    101,
    3,
    99,
    111,
    109,
    0,
    0,
    15,
    0,
    1,
    0,
    0,
    28,
    32,
    0,
    27,
    0,
    20,
    6,
    108,
    97,
    109,
    98,
    100,
    97,
    4,
    104,
    111,
    115,
    116,
    7,
    101,
    120,
    97,
    109,
    112,
    108,
    101,
    3,
    99,
    111,
    109,
    0,
]
