---
source: src/record/ptr.rs
expression: wire
---
[
    1,
    49,
    1,
    48,
    1,
    48,
    1,
    48,
    1,
    48,
    1,
    48,
    1,
    48,
    1,
    48,
    1,
    48,
    1,
    48,
    1,
    48,
    1,
    48,
    1,
    48,
    1,
    48,
    1,
    48,
    1,
    48,
    1,
    48,
    1,
    52,
    1,
    48,
    1,
    48,
    1,
    48,
    1,
    48,
    1,
    48,
    1,
    48,
    1,
    50,
    1,
    98,
    1,
    100,
    1,
    48,
    1,
    49,
    1,
    48,
    1,
    48,
    1,
    50,
    3,
    105,
    112,
    54,
    4,
    97,
    114,
    112,
    97,
    0,
    0,
    12,
    0,
    1,
    0,
    1,
    81,
    128,
    0,
    26,
    7,
    111,
    109,
    105,
    99,
    114,
    111,
    110,
    4,
    104,
    111,
    115,
    116,
    7,
    101,
    120,
    97,
    109,
    112,
    108,
    101,
    3,
    99,
    111,
    109,
    0,
]
