---
source: src/record/cname.rs
expression: wire
---
Ok(
    [
        4,
        109,
        97,
        105,
        108,
        7,
        101,
        120,
        97,
        109,
        112,
        108,
        101,
        3,
        99,
        111,
        109,
        0,
        0,
        5,
        0,
        1,
        0,
        0,
        28,
        32,
        0,
        24,
        5,
        97,
        108,
        112,
        104,
        97,
        4,
        104,
        111,
        115,
        116,
        7,
        101,
        120,
        97,
        109,
        112,
        108,
        101,
        3,
        99,
        111,
        109,
        0,
    ],
)
