---
source: src/record/ns.rs
expression: wire
---
[
    7,
    101,
    120,
    97,
    109,
    112,
    108,
    101,
    3,
    99,
    111,
    109,
    0,
    0,
    2,
    0,
    1,
    0,
    1,
    81,
    128,
    0,
    17,
    3,
    110,
    115,
    50,
    7,
    101,
    120,
    97,
    109,
    112,
    108,
    101,
    3,
    99,
    111,
    109,
    0,
]
