---
source: src/record/in_a.rs
expression: wire
---
[
    7,
    111,
    109,
    105,
    99,
    114,
    111,
    110,
    4,
    104,
    111,
    115,
    116,
    7,
    101,
    120,
    97,
    109,
    112,
    108,
    101,
    3,
    99,
    111,
    109,
    0,
    0,
    1,
    0,
    1,
    0,
    0,
    14,
    16,
    0,
    4,
    192,
    0,
    2,
    2,
]
